******************************************************************************
                  MSP430 Linker PC v4.4.3                      
******************************************************************************
>> Linked Tue Sep 05 22:33:45 2017

OUTPUT FILE NAME:   <24AD.out>
ENTRY POINT SYMBOL: "_c_int00_noargs_noexit"  address: 0000cb48


MEMORY CONFIGURATION

         name            origin    length      used     unused   attr    fill
----------------------  --------  ---------  --------  --------  ----  --------
  SFR                   00000000   00000010  00000000  00000010  RWIX
  PERIPHERALS_8BIT      00000010   000000f0  00000000  000000f0  RWIX
  PERIPHERALS_16BIT     00000100   00000100  00000000  00000100  RWIX
  RAM                   00000200   00000200  00000057  000001a9  RWIX
  INFOD                 00001000   00000040  00000000  00000040  RWIX
  INFOC                 00001040   00000040  00000000  00000040  RWIX
  INFOB                 00001080   00000040  00000000  00000040  RWIX
  INFOA                 000010c0   00000040  00000000  00000040  RWIX
  FLASH                 0000c000   00003fe0  00000cdc  00003304  RWIX
  INT00                 0000ffe0   00000002  00000002  00000000  RWIX
  INT01                 0000ffe2   00000002  00000000  00000002  RWIX
  INT02                 0000ffe4   00000002  00000002  00000000  RWIX
  INT03                 0000ffe6   00000002  00000002  00000000  RWIX
  INT04                 0000ffe8   00000002  00000000  00000002  RWIX
  INT05                 0000ffea   00000002  00000002  00000000  RWIX
  INT06                 0000ffec   00000002  00000002  00000000  RWIX
  INT07                 0000ffee   00000002  00000002  00000000  RWIX
  INT08                 0000fff0   00000002  00000002  00000000  RWIX
  INT09                 0000fff2   00000002  00000002  00000000  RWIX
  INT10                 0000fff4   00000002  00000002  00000000  RWIX
  INT11                 0000fff6   00000002  00000002  00000000  RWIX
  INT12                 0000fff8   00000002  00000002  00000000  RWIX
  INT13                 0000fffa   00000002  00000002  00000000  RWIX
  INT14                 0000fffc   00000002  00000002  00000000  RWIX
  RESET                 0000fffe   00000002  00000002  00000000  RWIX


SECTION ALLOCATION MAP

 output                                  attributes/
section   page    origin      length       input sections
--------  ----  ----------  ----------   ----------------
.bss       0    00000200    00000004     UNINITIALIZED
                  00000200    00000002     (.common:chushi)
                  00000202    00000002     (.common:lingdian)

.data      0    00000204    00000003     UNINITIALIZED
                  00000204    00000003     main.obj (.data)

.TI.persistent 
*          0    00000204    00000000     UNINITIALIZED

.stack     0    000003b0    00000050     UNINITIALIZED
                  000003b0    00000002     rts430_eabi.lib : boot.obj (.stack)
                  000003b2    0000004e     --HOLE--

.text      0    0000c000    00000c7e     
                  0000c000    00000408     main.obj (.text:show_LCD)
                  0000c408    00000116     rts430_eabi.lib : _printfi_min.obj (.text:_setfield)
                  0000c51e    000000ca                     : _printfi_min.obj (.text:__TI_printfi_minimal)
                  0000c5e8    00000076     main.obj (.text:main)
                  0000c65e    0000006c     main.obj (.text:P14_Onclick)
                  0000c6ca    00000064     rts430_eabi.lib : copy_decompress_rle.obj (.text:__TI_decompress_rle_core)
                  0000c72e    0000005e     main.obj (.text:GPIO_Init)
                  0000c78c    00000058     rts430_eabi.lib : autoinit.obj (.text:_auto_init)
                  0000c7e4    00000058                     : div32u.obj (.text)
                  0000c83c    00000056                     : _printfi_min.obj (.text:_ltostr)
                  0000c892    0000004e                     : _printfi_min.obj (.text:_pproc_diouxp)
                  0000c8e0    0000004c                     : lsr16.obj (.text)
                  0000c92c    00000048     hx711.obj (.text:HX711_Read)
                  0000c974    00000048     main.obj (.text:P1_IODect)
                  0000c9bc    00000048     rts430_eabi.lib : _printfi_min.obj (.text:_pproc_str)
                  0000ca04    00000040                     : div32s.obj (.text)
                  0000ca44    00000038                     : sprintf.obj (.text:sprintf)
                  0000ca7c    00000032     main.obj (.text:End)
                  0000caae    0000002e     rts430_eabi.lib : _printfi_min.obj (.text:_getarg_diouxp)
                  0000cadc    00000028     main.obj (.text:Write_String)
                  0000cb04    00000026     rts430_eabi.lib : mult32.obj (.text)
                  0000cb2a    0000001e     main.obj (.text:PORT1_ISR)
                  0000cb48    0000001a     rts430_eabi.lib : boot_special.obj (.text:_c_int00_noargs_noexit)
                  0000cb62    0000001a                     : sprintf.obj (.text:_outs)
                  0000cb7c    0000001a                     : memccpy.obj (.text:memccpy)
                  0000cb96    00000018                     : _printfi_min.obj (.text:_div)
                  0000cbae    00000016                     : div16u.obj (.text)
                  0000cbc4    00000014                     : copy_zero_init.obj (.text:decompress:ZI:__TI_zero_init)
                  0000cbd8    00000014                     : memset.obj (.text:memset)
                  0000cbec    00000014                     : mult16.obj (.text)
                  0000cc00    00000012                     : sprintf.obj (.text:_outc)
                  0000cc12    00000012                     : copy_decompress_none.obj (.text:decompress:none:__TI_decompress_none)
                  0000cc24    00000012                     : memcpy.obj (.text:memcpy)
                  0000cc36    00000010                     : epilog.obj (.text)
                  0000cc46    0000000e                     : strlen.obj (.text:strlen)
                  0000cc54    0000000a     main.obj (.text:P17_Onclick)
                  0000cc5e    00000006     main.obj (.text:P13_Onclick)
                  0000cc64    00000006     main.obj (.text:P16_Onclick)
                  0000cc6a    00000006     rts430_eabi.lib : isr_trap.obj (.text:_isr:__TI_ISR_TRAP)
                  0000cc70    00000006                     : copy_decompress_rle.obj (.text:decompress:rle24:__TI_decompress_rle24)
                  0000cc76    00000004                     : pre_init.obj (.text:_system_pre_init)
                  0000cc7a    00000004                     : exit.obj (.text:abort)

.const     0    0000cc7e    00000044     
                  0000cc7e    00000030     main.obj (.const:.string)
                  0000ccae    00000014     rts430_eabi.lib : _printfi_min.obj (.const:.string)

.cinit     0    0000ccc2    0000001a     
                  0000ccc2    00000007     (.cinit..data.load) [load image]
                  0000ccc9    00000001     --HOLE-- [fill = 0]
                  0000ccca    00000006     (__TI_handler_table)
                  0000ccd0    00000004     (.cinit..bss.load) [load image, compression = zero_init]
                  0000ccd4    00000008     (__TI_cinit_table)

.init_array 
*          0    0000c000    00000000     UNINITIALIZED

TRAPINT    0    0000ffe0    00000002     
                  0000ffe0    00000002     rts430_eabi.lib : int00.obj (.int00)

PORT1      0    0000ffe4    00000002     
                  0000ffe4    00000002     main.obj (.int02)

PORT2      0    0000ffe6    00000002     
                  0000ffe6    00000002     rts430_eabi.lib : int03.obj (.int03)

ADC10      0    0000ffea    00000002     
                  0000ffea    00000002     rts430_eabi.lib : int05.obj (.int05)

USCIAB0TX 
*          0    0000ffec    00000002     
                  0000ffec    00000002     rts430_eabi.lib : int06.obj (.int06)

USCIAB0RX 
*          0    0000ffee    00000002     
                  0000ffee    00000002     rts430_eabi.lib : int07.obj (.int07)

TIMER0_A1 
*          0    0000fff0    00000002     
                  0000fff0    00000002     rts430_eabi.lib : int08.obj (.int08)

TIMER0_A0 
*          0    0000fff2    00000002     
                  0000fff2    00000002     rts430_eabi.lib : int09.obj (.int09)

WDT        0    0000fff4    00000002     
                  0000fff4    00000002     rts430_eabi.lib : int10.obj (.int10)

COMPARATORA 
*          0    0000fff6    00000002     
                  0000fff6    00000002     rts430_eabi.lib : int11.obj (.int11)

TIMER1_A1 
*          0    0000fff8    00000002     
                  0000fff8    00000002     rts430_eabi.lib : int12.obj (.int12)

TIMER1_A0 
*          0    0000fffa    00000002     
                  0000fffa    00000002     rts430_eabi.lib : int13.obj (.int13)

NMI        0    0000fffc    00000002     
                  0000fffc    00000002     rts430_eabi.lib : int14.obj (.int14)

.reset     0    0000fffe    00000002     
                  0000fffe    00000002     rts430_eabi.lib : boot.obj (.reset)


LINKER GENERATED COPY TABLES

__TI_cinit_table @ 0000ccd4 records: 2, size/record: 4, table size: 8
	.data: load addr=0000ccc2, load size=00000007 bytes, run addr=00000204, run size=00000003 bytes, compression=copy
	.bss: load addr=0000ccd0, load size=00000004 bytes, run addr=00000200, run size=00000004 bytes, compression=zero_init


LINKER GENERATED HANDLER TABLE

__TI_handler_table @ 0000ccca records: 3, size/record: 2, table size: 6
	index: 0, handler: __TI_zero_init
	index: 1, handler: __TI_decompress_rle24
	index: 2, handler: __TI_decompress_none


GLOBAL SYMBOLS: SORTED ALPHABETICALLY BY Name 

address   name                    
-------   ----                    
0000004a  ADC10AE0                
000001b0  ADC10CTL0               
000001b2  ADC10CTL1               
00000048  ADC10DTC0               
00000049  ADC10DTC1               
000001b4  ADC10MEM                
000001bc  ADC10SA                 
00000057  BCSCTL1                 
00000058  BCSCTL2                 
00000053  BCSCTL3                 
0000cc7a  C$$EXIT                 
00000059  CACTL1                  
0000005a  CACTL2                  
000010fb  CALBC1_12MHZ            
000010f9  CALBC1_16MHZ            
000010ff  CALBC1_1MHZ             
000010fd  CALBC1_8MHZ             
000010fa  CALDCO_12MHZ            
000010f8  CALDCO_16MHZ            
000010fe  CALDCO_1MHZ             
000010fc  CALDCO_8MHZ             
0000005b  CAPD                    
00000056  DCOCTL                  
0000ca7c  End                     
00000128  FCTL1                   
0000012a  FCTL2                   
0000012c  FCTL3                   
0000c72e  GPIO_Init               
0000c92c  HX711_Read              
00000000  IE1                     
00000001  IE2                     
00000002  IFG1                    
00000003  IFG2                    
0000cc5e  P13_Onclick             
0000c65e  P14_Onclick             
0000cc64  P16_Onclick             
0000cc54  P17_Onclick             
00000022  P1DIR                   
00000025  P1IE                    
00000024  P1IES                   
00000023  P1IFG                   
00000020  P1IN                    
00000021  P1OUT                   
00000027  P1REN                   
00000026  P1SEL                   
00000041  P1SEL2                  
0000c974  P1_IODect               
0000002a  P2DIR                   
0000002d  P2IE                    
0000002c  P2IES                   
0000002b  P2IFG                   
00000028  P2IN                    
00000029  P2OUT                   
0000002f  P2REN                   
0000002e  P2SEL                   
00000042  P2SEL2                  
0000001a  P3DIR                   
00000018  P3IN                    
00000019  P3OUT                   
00000010  P3REN                   
0000001b  P3SEL                   
00000043  P3SEL2                  
0000cb2a  PORT1_ISR               
00000172  TA0CCR0                 
00000174  TA0CCR1                 
00000176  TA0CCR2                 
00000162  TA0CCTL0                
00000164  TA0CCTL1                
00000166  TA0CCTL2                
00000160  TA0CTL                  
0000012e  TA0IV                   
00000170  TA0R                    
00000192  TA1CCR0                 
00000194  TA1CCR1                 
00000196  TA1CCR2                 
00000182  TA1CCTL0                
00000184  TA1CCTL1                
00000186  TA1CCTL2                
00000180  TA1CTL                  
0000011e  TA1IV                   
00000190  TA1R                    
000010db  TLV_ADC10_1_LEN         
000010da  TLV_ADC10_1_TAG         
000010c0  TLV_CHECKSUM            
000010f7  TLV_DCO_30_LEN          
000010f6  TLV_DCO_30_TAG          
0000005d  UCA0ABCTL               
00000062  UCA0BR0                 
00000063  UCA0BR1                 
00000060  UCA0CTL0                
00000061  UCA0CTL1                
0000005f  UCA0IRRCTL              
0000005e  UCA0IRTCTL              
00000064  UCA0MCTL                
00000066  UCA0RXBUF               
00000065  UCA0STAT                
00000067  UCA0TXBUF               
0000006a  UCB0BR0                 
0000006b  UCB0BR1                 
00000068  UCB0CTL0                
00000069  UCB0CTL1                
0000006c  UCB0I2CIE               
00000118  UCB0I2COA               
0000011a  UCB0I2CSA               
0000006e  UCB0RXBUF               
0000006d  UCB0STAT                
0000006f  UCB0TXBUF               
00000120  WDTCTL                  
0000cadc  Write_String            
00000400  __STACK_END             
00000050  __STACK_SIZE            
0000ccd4  __TI_CINIT_Base         
0000ccdc  __TI_CINIT_Limit        
0000ccca  __TI_Handler_Table_Base 
0000ccd0  __TI_Handler_Table_Limit
UNDEFED   __TI_INITARRAY_Base     
UNDEFED   __TI_INITARRAY_Limit    
0000cc6a  __TI_ISR_TRAP           
0000cc12  __TI_decompress_none    
0000cc70  __TI_decompress_rle24   
0000ffe0  __TI_int00              
0000ffe4  __TI_int02              
0000ffe6  __TI_int03              
0000ffea  __TI_int05              
0000ffec  __TI_int06              
0000ffee  __TI_int07              
0000fff0  __TI_int08              
0000fff2  __TI_int09              
0000fff4  __TI_int10              
0000fff6  __TI_int11              
0000fff8  __TI_int12              
0000fffa  __TI_int13              
0000fffc  __TI_int14              
0000c51e  __TI_printfi_minimal    
0000cbc4  __TI_zero_init          
ffffffff  __binit__               
ffffffff  __c_args__              
0000ca04  __mspabi_divli          
0000cbae  __mspabi_divu           
0000c7e4  __mspabi_divul          
0000cc42  __mspabi_func_epilog_1  
0000cc40  __mspabi_func_epilog_2  
0000cc3e  __mspabi_func_epilog_3  
0000cc3c  __mspabi_func_epilog_4  
0000cc3a  __mspabi_func_epilog_5  
0000cc38  __mspabi_func_epilog_6  
0000cc36  __mspabi_func_epilog_7  
0000cbec  __mspabi_mpyi           
0000cbec  __mspabi_mpyi_sw        
0000cb04  __mspabi_mpyl           
0000cb04  __mspabi_mpyl_sw        
0000ca04  __mspabi_remli          
0000cbae  __mspabi_remu           
0000c7e4  __mspabi_remul          
0000c8e0  __mspabi_srli           
0000c926  __mspabi_srli_1         
0000c902  __mspabi_srli_10        
0000c8fe  __mspabi_srli_11        
0000c8fa  __mspabi_srli_12        
0000c8f6  __mspabi_srli_13        
0000c8f2  __mspabi_srli_14        
0000c8ee  __mspabi_srli_15        
0000c922  __mspabi_srli_2         
0000c91e  __mspabi_srli_3         
0000c91a  __mspabi_srli_4         
0000c916  __mspabi_srli_5         
0000c912  __mspabi_srli_6         
0000c90e  __mspabi_srli_7         
0000c90a  __mspabi_srli_8         
0000c906  __mspabi_srli_9         
0000c78c  _auto_init              
0000cb48  _c_int00_noargs_noexit  
0000fffe  _reset_vector           
000003b0  _stack                  
0000cc76  _system_pre_init        
0000cc7a  abort                   
ffffffff  binit                   
00000200  chushi                  
00000205  dge                     
00000204  dshi                    
00000206  flag                    
00000202  lingdian                
0000c5e8  main                    
0000cb7c  memccpy                 
0000cc24  memcpy                  
0000cbd8  memset                  
0000c000  show_LCD                
0000ca44  sprintf                 
0000cc46  strlen                  


GLOBAL SYMBOLS: SORTED BY Symbol Address 

address   name                    
-------   ----                    
00000000  IE1                     
00000001  IE2                     
00000002  IFG1                    
00000003  IFG2                    
00000010  P3REN                   
00000018  P3IN                    
00000019  P3OUT                   
0000001a  P3DIR                   
0000001b  P3SEL                   
00000020  P1IN                    
00000021  P1OUT                   
00000022  P1DIR                   
00000023  P1IFG                   
00000024  P1IES                   
00000025  P1IE                    
00000026  P1SEL                   
00000027  P1REN                   
00000028  P2IN                    
00000029  P2OUT                   
0000002a  P2DIR                   
0000002b  P2IFG                   
0000002c  P2IES                   
0000002d  P2IE                    
0000002e  P2SEL                   
0000002f  P2REN                   
00000041  P1SEL2                  
00000042  P2SEL2                  
00000043  P3SEL2                  
00000048  ADC10DTC0               
00000049  ADC10DTC1               
0000004a  ADC10AE0                
00000050  __STACK_SIZE            
00000053  BCSCTL3                 
00000056  DCOCTL                  
00000057  BCSCTL1                 
00000058  BCSCTL2                 
00000059  CACTL1                  
0000005a  CACTL2                  
0000005b  CAPD                    
0000005d  UCA0ABCTL               
0000005e  UCA0IRTCTL              
0000005f  UCA0IRRCTL              
00000060  UCA0CTL0                
00000061  UCA0CTL1                
00000062  UCA0BR0                 
00000063  UCA0BR1                 
00000064  UCA0MCTL                
00000065  UCA0STAT                
00000066  UCA0RXBUF               
00000067  UCA0TXBUF               
00000068  UCB0CTL0                
00000069  UCB0CTL1                
0000006a  UCB0BR0                 
0000006b  UCB0BR1                 
0000006c  UCB0I2CIE               
0000006d  UCB0STAT                
0000006e  UCB0RXBUF               
0000006f  UCB0TXBUF               
00000118  UCB0I2COA               
0000011a  UCB0I2CSA               
0000011e  TA1IV                   
00000120  WDTCTL                  
00000128  FCTL1                   
0000012a  FCTL2                   
0000012c  FCTL3                   
0000012e  TA0IV                   
00000160  TA0CTL                  
00000162  TA0CCTL0                
00000164  TA0CCTL1                
00000166  TA0CCTL2                
00000170  TA0R                    
00000172  TA0CCR0                 
00000174  TA0CCR1                 
00000176  TA0CCR2                 
00000180  TA1CTL                  
00000182  TA1CCTL0                
00000184  TA1CCTL1                
00000186  TA1CCTL2                
00000190  TA1R                    
00000192  TA1CCR0                 
00000194  TA1CCR1                 
00000196  TA1CCR2                 
000001b0  ADC10CTL0               
000001b2  ADC10CTL1               
000001b4  ADC10MEM                
000001bc  ADC10SA                 
00000200  chushi                  
00000202  lingdian                
00000204  dshi                    
00000205  dge                     
00000206  flag                    
000003b0  _stack                  
00000400  __STACK_END             
000010c0  TLV_CHECKSUM            
000010da  TLV_ADC10_1_TAG         
000010db  TLV_ADC10_1_LEN         
000010f6  TLV_DCO_30_TAG          
000010f7  TLV_DCO_30_LEN          
000010f8  CALDCO_16MHZ            
000010f9  CALBC1_16MHZ            
000010fa  CALDCO_12MHZ            
000010fb  CALBC1_12MHZ            
000010fc  CALDCO_8MHZ             
000010fd  CALBC1_8MHZ             
000010fe  CALDCO_1MHZ             
000010ff  CALBC1_1MHZ             
0000c000  show_LCD                
0000c51e  __TI_printfi_minimal    
0000c5e8  main                    
0000c65e  P14_Onclick             
0000c72e  GPIO_Init               
0000c78c  _auto_init              
0000c7e4  __mspabi_divul          
0000c7e4  __mspabi_remul          
0000c8e0  __mspabi_srli           
0000c8ee  __mspabi_srli_15        
0000c8f2  __mspabi_srli_14        
0000c8f6  __mspabi_srli_13        
0000c8fa  __mspabi_srli_12        
0000c8fe  __mspabi_srli_11        
0000c902  __mspabi_srli_10        
0000c906  __mspabi_srli_9         
0000c90a  __mspabi_srli_8         
0000c90e  __mspabi_srli_7         
0000c912  __mspabi_srli_6         
0000c916  __mspabi_srli_5         
0000c91a  __mspabi_srli_4         
0000c91e  __mspabi_srli_3         
0000c922  __mspabi_srli_2         
0000c926  __mspabi_srli_1         
0000c92c  HX711_Read              
0000c974  P1_IODect               
0000ca04  __mspabi_divli          
0000ca04  __mspabi_remli          
0000ca44  sprintf                 
0000ca7c  End                     
0000cadc  Write_String            
0000cb04  __mspabi_mpyl           
0000cb04  __mspabi_mpyl_sw        
0000cb2a  PORT1_ISR               
0000cb48  _c_int00_noargs_noexit  
0000cb7c  memccpy                 
0000cbae  __mspabi_divu           
0000cbae  __mspabi_remu           
0000cbc4  __TI_zero_init          
0000cbd8  memset                  
0000cbec  __mspabi_mpyi           
0000cbec  __mspabi_mpyi_sw        
0000cc12  __TI_decompress_none    
0000cc24  memcpy                  
0000cc36  __mspabi_func_epilog_7  
0000cc38  __mspabi_func_epilog_6  
0000cc3a  __mspabi_func_epilog_5  
0000cc3c  __mspabi_func_epilog_4  
0000cc3e  __mspabi_func_epilog_3  
0000cc40  __mspabi_func_epilog_2  
0000cc42  __mspabi_func_epilog_1  
0000cc46  strlen                  
0000cc54  P17_Onclick             
0000cc5e  P13_Onclick             
0000cc64  P16_Onclick             
0000cc6a  __TI_ISR_TRAP           
0000cc70  __TI_decompress_rle24   
0000cc76  _system_pre_init        
0000cc7a  C$$EXIT                 
0000cc7a  abort                   
0000ccca  __TI_Handler_Table_Base 
0000ccd0  __TI_Handler_Table_Limit
0000ccd4  __TI_CINIT_Base         
0000ccdc  __TI_CINIT_Limit        
0000ffe0  __TI_int00              
0000ffe4  __TI_int02              
0000ffe6  __TI_int03              
0000ffea  __TI_int05              
0000ffec  __TI_int06              
0000ffee  __TI_int07              
0000fff0  __TI_int08              
0000fff2  __TI_int09              
0000fff4  __TI_int10              
0000fff6  __TI_int11              
0000fff8  __TI_int12              
0000fffa  __TI_int13              
0000fffc  __TI_int14              
0000fffe  _reset_vector           
ffffffff  __binit__               
ffffffff  __c_args__              
ffffffff  binit                   
UNDEFED   __TI_INITARRAY_Base     
UNDEFED   __TI_INITARRAY_Limit    

[189 symbols]
